// Jest Snapshot v1, https://goo.gl/fbAQLP

exports[`Component should render correctly 1`] = `"<div><script src=\\"https://telegram.org/js/telegram-widget.js?22\\" data-telegram-login=\\"test\\" data-size=\\"large\\" data-request-access=\\"write\\" data-userpic=\\"false\\" data-onauth=\\"TelegramLoginWidget.dataOnauth(user)\\"></script></div>"`;
